// Jest Snapshot v1, https://goo.gl/fbAQLP

exports[`<Spinner /> should render correctly, --success case 1`] = `
<div
  class="sc-bcXHqe dXZUGq"
>
  <div />
  <div />
  <div />
</div>
`;
