// Jest Snapshot v1, https://goo.gl/fbAQLP

exports[`<Input /> should render correctly, --success case 1`] = `
<div
  class="sc-bcXHqe jFassX"
>
  <input
    title=""
  />
  <label>
    name
  </label>
</div>
`;
